error: expected one of: `body`, `state`, `with`
 --> tests/debug_handler/fail/invalid_attrs.rs:3:17
  |
3 | #[debug_handler(foo)]
  |                 ^^^
